error[E0308]: mismatched types
   --> $DIR/long_simple_three_mpst_short_fail.rs:103:33
    |
103 |             let (_, s) = s.send(()).recv()?;
    |                                 ^^ expected enum `Branching0fromCtoA`, found `()`

error[E0599]: no method named `recv` found for struct `MeshedChannelsThree<mpstthree::binary::struct_trait::end::End, mpstthree::binary::struct_trait::send::Send<(), Recv<(), mpstthree::binary::struct_trait::send::Send<Branching0fromCtoB, mpstthree::binary::struct_trait::end::End>>>, RoleB<RoleBroadcast>, RoleC<RoleEnd>>` in the current scope
   --> $DIR/long_simple_three_mpst_short_fail.rs:103:37
    |
9   | bundle_impl!(MeshedChannelsThree => A, B, C => fork_mpst);
    | ---------------------------------------------------------- method `recv` not found for this
...
103 |             let (_, s) = s.send(()).recv()?;
    |                                     ^^^^ method not found in `MeshedChannelsThree<mpstthree::binary::struct_trait::end::End, mpstthree::binary::struct_trait::send::Send<(), Recv<(), mpstthree::binary::struct_trait::send::Send<Branching0fromCtoB, mpstthree::binary::struct_trait::end::End>>>, RoleB<RoleBroadcast>, RoleC<RoleEnd>>`
